#
# SPDX-License-Identifier: BSD-3-Clause
# Copyright 2019-2022, Intel Corporation
# Copyright 2021-2022, Fujitsu

#
# src/librpma.map -- linker version script for librpma
#
LIBRPMA_0.11 {
	global:
		rpma_conn_apply_remote_peer_cfg;
		rpma_conn_cfg_delete;
		rpma_conn_cfg_get_cq_size;
		rpma_conn_cfg_get_rcq_size;
		rpma_conn_cfg_get_rq_size;
		rpma_conn_cfg_get_sq_size;
		rpma_conn_cfg_get_timeout;
		rpma_conn_cfg_new;
		rpma_conn_cfg_set_cq_size;
		rpma_conn_cfg_set_rcq_size;
		rpma_conn_cfg_set_rq_size;
		rpma_conn_cfg_set_sq_size;
		rpma_conn_cfg_set_timeout;
		rpma_conn_delete;
		rpma_conn_disconnect;
		rpma_conn_get_cq;
		rpma_conn_get_event_fd;
		rpma_conn_get_private_data;
		rpma_conn_get_qp_num;
		rpma_conn_get_rcq;
		rpma_conn_next_event;
		rpma_conn_req_connect;
		rpma_conn_req_delete;
		rpma_conn_req_get_private_data;
		rpma_conn_req_new;
		rpma_conn_req_recv;
		rpma_cq_get_completion;
		rpma_cq_get_fd;
		rpma_cq_get_wc;
		rpma_cq_wait;
		rpma_ep_get_fd;
		rpma_ep_listen;
		rpma_ep_next_conn_req;
		rpma_ep_shutdown;
		rpma_err_2str;
		rpma_flush;
		rpma_log_get_threshold;
		rpma_log_set_function;
		rpma_log_set_threshold;
		rpma_mr_advise;
		rpma_mr_dereg;
		rpma_mr_get_descriptor;
		rpma_mr_get_descriptor_size;
		rpma_mr_get_ptr;
		rpma_mr_get_size;
		rpma_mr_reg;
		rpma_mr_remote_delete;
		rpma_mr_remote_from_descriptor;
		rpma_mr_remote_get_flush_type;
		rpma_mr_remote_get_size;
		rpma_peer_cfg_delete;
		rpma_peer_cfg_from_descriptor;
		rpma_peer_cfg_get_descriptor;
		rpma_peer_cfg_get_descriptor_size;
		rpma_peer_cfg_get_direct_write_to_pmem;
		rpma_peer_cfg_new;
		rpma_peer_cfg_set_direct_write_to_pmem;
		rpma_peer_delete;
		rpma_peer_new;
		rpma_read;
		rpma_recv;
		rpma_send;
		rpma_send_with_imm;
		rpma_utils_conn_event_2str;
		rpma_utils_get_ibv_context;
		rpma_utils_ibv_context_is_odp_capable;
		rpma_write;
		rpma_write_atomic;
		rpma_write_with_imm;
	local:
		*;
};
