#
# SPDX-License-Identifier: BSD-3-Clause
# Copyright 2019-2020, Intel Corporation
#

#
# src/librpma.map -- linker link file for librpma
#
LIBRPMA_1.0 {
	global:
		rpma_config_new;
		rpma_config_set_addr;
		rpma_config_set_service;
		rpma_config_set_msg_size;
		rpma_config_set_send_queue_length;
		rpma_config_set_recv_queue_length;
		rpma_config_set_queue_alloc_funcs;
		rpma_config_set_flags;
		rpma_config_delete;
		rpma_zone_new;
		rpma_listen;
		rpma_zone_delete;
		rpma_dispatcher_new;
		rpma_dispatch;
		rpma_dispatcher_delete;
		rpma_zone_register_on_connection_event;
		rpma_zone_register_on_timeout;
		rpma_zone_unregister_on_timeout;
		rpma_zone_wait_connections;
		rpma_zone_wait_break;
		rpma_connection_new;
		rpma_connection_accept;
		rpma_connection_reject;
		rpma_connection_establish;
		rpma_connection_disconnect;
		rpma_connection_delete;
		rpma_connection_set_custom_data;
		rpma_connection_get_custom_data;
		rpma_connection_get_zone;
		rpma_connection_attach;
		rpma_connection_detach;
		rpma_connection_dispatch_break;
		rpma_connection_enqueue;
		rpma_connection_register_on_notify;
		rpma_connection_register_on_recv;
		rpma_connection_group_new;
		rpma_connection_group_add;
		rpma_connection_group_remove;
		rpma_connection_group_enqueue;
		rpma_connection_group_delete;
		rpma_msg_get_ptr;
		rpma_connection_send;
		rpma_memory_local_new;
		rpma_memory_local_get_ptr;
		rpma_memory_local_get_size;
		rpma_memory_local_get_id;
		rpma_memory_local_delete;
		rpma_memory_remote_new;
		rpma_memory_remote_get_size;
		rpma_memory_remote_delete;
		rpma_connection_read;
		rpma_connection_write;
		rpma_connection_atomic_write;
		rpma_connection_commit;
		rpma_errormsg;
	local:
		*;
};
